server/controllers/payroll.controller.ts(57,21): error TS2322: Type 'string' is not assignable to type 'number'.
server/controllers/payroll.controller.ts(58,21): error TS2322: Type 'string' is not assignable to type 'number'.
server/controllers/payroll.controller.ts(59,21): error TS2322: Type 'string' is not assignable to type 'number'.
server/controllers/payroll.controller.ts(60,21): error TS2322: Type 'string' is not assignable to type 'number'.
server/controllers/payroll.controller.ts(61,21): error TS2322: Type 'string' is not assignable to type 'number'.
server/controllers/product.controller.ts(53,47): error TS2345: Argument of type '{ sku: string; name: string; category: string; price: string; stock: number; supplier: string | null; }' is not assignable to parameter of type '{ name: string; category: string; sku: string; price: number; id?: number | undefined; isSynced?: boolean | undefined; updatedAt?: string | undefined; stock?: number | undefined; supplier?: string | ... 1 more ... | undefined; }'.
  Types of property 'price' are incompatible.
    Type 'string' is not assignable to type 'number'.
server/controllers/transactions.controller.ts(19,23): error TS2345: Argument of type '(row: { id: number; date: string; description: string; category: string; type: string; amount: string; method: string; }) => { id: number; date: string; description: string; category: string; type: string; amount: number; method: string; }' is not assignable to parameter of type '(value: { date: string; id: number; isSynced: boolean; updatedAt: string; description: string; category: string; type: string; amount: number; method: string; customerId: number | null; }, index: number, array: { ...; }[]) => { ...; }'.
  Types of parameters 'row' and 'value' are incompatible.
    Type '{ date: string; id: number; isSynced: boolean; updatedAt: string; description: string; category: string; type: string; amount: number; method: string; customerId: number | null; }' is not assignable to type '{ id: number; date: string; description: string; category: string; type: string; amount: string; method: string; }'.
      Types of property 'amount' are incompatible.
        Type 'number' is not assignable to type 'string'.
server/controllers/transactions.controller.ts(32,7): error TS2322: Type 'string' is not assignable to type 'number'.
server/controllers/transactions.controller.ts(35,43): error TS2345: Argument of type '{ date: string; id: number; isSynced: boolean; updatedAt: string; description: string; category: string; type: string; amount: number; method: string; customerId: number | null; }' is not assignable to parameter of type '{ id: number; date: string; description: string; category: string; type: string; amount: string; method: string; }'.
  Types of property 'amount' are incompatible.
    Type 'number' is not assignable to type 'string'.
server/index.ts(3,18): error TS7016: Could not find a declaration file for module 'cors'. 'C:/Users/USER/Desktop/final project/hardware-store-app/backend/node_modules/cors/lib/index.js' implicitly has an 'any' type.
  Try `npm i --save-dev @types/cors` if it exists or add a new declaration (.d.ts) file containing `declare module 'cors';`
server/seed.ts(20,38): error TS2769: No overload matches this call.
  Overload 1 of 2, '(value: { name: string | SQL<unknown> | Placeholder<string, any>; category: string | SQL<unknown> | Placeholder<string, any>; sku: string | SQL<unknown> | Placeholder<...>; ... 5 more ...; supplier?: string | ... 3 more ... | undefined; }): SQLiteInsertBase<...>', gave the following error.
    Argument of type '{ sku: string; name: string; category: string; price: string; stock: number; supplier: string; }[]' is not assignable to parameter of type '{ name: string | SQL<unknown> | Placeholder<string, any>; category: string | SQL<unknown> | Placeholder<string, any>; sku: string | SQL<unknown> | Placeholder<string, any>; ... 5 more ...; supplier?: string | ... 3 more ... | undefined; }'.
      Type '{ sku: string; name: string; category: string; price: string; stock: number; supplier: string; }[]' is missing the following properties from type '{ name: string | SQL<unknown> | Placeholder<string, any>; category: string | SQL<unknown> | Placeholder<string, any>; sku: string | SQL<unknown> | Placeholder<string, any>; ... 5 more ...; supplier?: string | ... 3 more ... | undefined; }': name, category, sku, price
server/syncManager.ts(30,80): error TS2345: Argument of type 'SQLiteTableWithColumns<{ name: "products"; schema: undefined; columns: { id: SQLiteColumn<{ name: "id"; tableName: "products"; dataType: "number"; columnType: "SQLiteInteger"; data: number; driverParam: number; notNull: true; hasDefault: true; ... 6 more ...; generated: undefined; }, {}, {}>; ... 7 more ...; updated...' is not assignable to parameter of type 'PgTable<TableConfig>'.
  The types of '_.config.columns' are incompatible between these types.
    Type '{ id: SQLiteColumn<{ name: "id"; tableName: "products"; dataType: "number"; columnType: "SQLiteInteger"; data: number; driverParam: number; notNull: true; hasDefault: true; isPrimaryKey: true; isAutoincrement: false; ... 4 more ...; generated: undefined; }, {}, {}>; ... 7 more ...; updatedAt: SQLiteColumn<...>; }' is not assignable to type 'Record<string, PgColumn<ColumnBaseConfig<ColumnDataType, string>, {}, {}>>'.
      Property 'id' is incompatible with index signature.
        Type 'SQLiteColumn<{ name: "id"; tableName: "products"; dataType: "number"; columnType: "SQLiteInteger"; data: number; driverParam: number; notNull: true; hasDefault: true; isPrimaryKey: true; isAutoincrement: false; ... 4 more ...; generated: undefined; }, {}, {}>' is not assignable to type 'PgColumn<ColumnBaseConfig<ColumnDataType, string>, {}, {}>'.
          Types of property '_' are incompatible.
            Type 'ColumnTypeConfig<{ name: "id"; tableName: "products"; dataType: "number"; columnType: "SQLiteInteger"; data: number; driverParam: number; notNull: true; hasDefault: true; isPrimaryKey: true; isAutoincrement: false; ... 4 more ...; generated: undefined; }, {} & { ...; }>' is not assignable to type 'ColumnTypeConfig<ColumnBaseConfig<ColumnDataType, string>, { dialect: "pg"; }>'.
              Type 'ColumnTypeConfig<{ name: "id"; tableName: "products"; dataType: "number"; columnType: "SQLiteInteger"; data: number; driverParam: number; notNull: true; hasDefault: true; isPrimaryKey: true; isAutoincrement: false; ... 4 more ...; generated: undefined; }, {} & { ...; }>' is not assignable to type '{ dialect: "pg"; }'.
                Types of property 'dialect' are incompatible.
                  Type '"sqlite"' is not assignable to type '"pg"'.
server/syncManager.ts(31,85): error TS2345: Argument of type 'SQLiteTableWithColumns<{ name: "products"; schema: undefined; columns: { id: SQLiteColumn<{ name: "id"; tableName: "products"; dataType: "number"; columnType: "SQLiteInteger"; data: number; driverParam: number; notNull: true; hasDefault: true; ... 6 more ...; generated: undefined; }, {}, {}>; ... 7 more ...; updated...' is not assignable to parameter of type 'PgTable<TableConfig>'.
  The types of '_.config.columns' are incompatible between these types.
    Type '{ id: SQLiteColumn<{ name: "id"; tableName: "products"; dataType: "number"; columnType: "SQLiteInteger"; data: number; driverParam: number; notNull: true; hasDefault: true; isPrimaryKey: true; isAutoincrement: false; ... 4 more ...; generated: undefined; }, {}, {}>; ... 7 more ...; updatedAt: SQLiteColumn<...>; }' is not assignable to type 'Record<string, PgColumn<ColumnBaseConfig<ColumnDataType, string>, {}, {}>>'.
      Property 'id' is incompatible with index signature.
        Type 'SQLiteColumn<{ name: "id"; tableName: "products"; dataType: "number"; columnType: "SQLiteInteger"; data: number; driverParam: number; notNull: true; hasDefault: true; isPrimaryKey: true; isAutoincrement: false; ... 4 more ...; generated: undefined; }, {}, {}>' is not assignable to type 'PgColumn<ColumnBaseConfig<ColumnDataType, string>, {}, {}>'.
          Types of property '_' are incompatible.
            Type 'ColumnTypeConfig<{ name: "id"; tableName: "products"; dataType: "number"; columnType: "SQLiteInteger"; data: number; driverParam: number; notNull: true; hasDefault: true; isPrimaryKey: true; isAutoincrement: false; ... 4 more ...; generated: undefined; }, {} & { ...; }>' is not assignable to type 'ColumnTypeConfig<ColumnBaseConfig<ColumnDataType, string>, { dialect: "pg"; }>'.
              Type 'ColumnTypeConfig<{ name: "id"; tableName: "products"; dataType: "number"; columnType: "SQLiteInteger"; data: number; driverParam: number; notNull: true; hasDefault: true; isPrimaryKey: true; isAutoincrement: false; ... 4 more ...; generated: undefined; }, {} & { ...; }>' is not assignable to type '{ dialect: "pg"; }'.
                Types of property 'dialect' are incompatible.
                  Type '"sqlite"' is not assignable to type '"pg"'.
server/syncManager.ts(32,85): error TS2345: Argument of type 'SQLiteTableWithColumns<{ name: "products"; schema: undefined; columns: { id: SQLiteColumn<{ name: "id"; tableName: "products"; dataType: "number"; columnType: "SQLiteInteger"; data: number; driverParam: number; notNull: true; hasDefault: true; ... 6 more ...; generated: undefined; }, {}, {}>; ... 7 more ...; updated...' is not assignable to parameter of type 'PgTable<TableConfig>'.
  The types of '_.config.columns' are incompatible between these types.
    Type '{ id: SQLiteColumn<{ name: "id"; tableName: "products"; dataType: "number"; columnType: "SQLiteInteger"; data: number; driverParam: number; notNull: true; hasDefault: true; isPrimaryKey: true; isAutoincrement: false; ... 4 more ...; generated: undefined; }, {}, {}>; ... 7 more ...; updatedAt: SQLiteColumn<...>; }' is not assignable to type 'Record<string, PgColumn<ColumnBaseConfig<ColumnDataType, string>, {}, {}>>'.
      Property 'id' is incompatible with index signature.
        Type 'SQLiteColumn<{ name: "id"; tableName: "products"; dataType: "number"; columnType: "SQLiteInteger"; data: number; driverParam: number; notNull: true; hasDefault: true; isPrimaryKey: true; isAutoincrement: false; ... 4 more ...; generated: undefined; }, {}, {}>' is not assignable to type 'PgColumn<ColumnBaseConfig<ColumnDataType, string>, {}, {}>'.
          Types of property '_' are incompatible.
            Type 'ColumnTypeConfig<{ name: "id"; tableName: "products"; dataType: "number"; columnType: "SQLiteInteger"; data: number; driverParam: number; notNull: true; hasDefault: true; isPrimaryKey: true; isAutoincrement: false; ... 4 more ...; generated: undefined; }, {} & { ...; }>' is not assignable to type 'ColumnTypeConfig<ColumnBaseConfig<ColumnDataType, string>, { dialect: "pg"; }>'.
              Type 'ColumnTypeConfig<{ name: "id"; tableName: "products"; dataType: "number"; columnType: "SQLiteInteger"; data: number; driverParam: number; notNull: true; hasDefault: true; isPrimaryKey: true; isAutoincrement: false; ... 4 more ...; generated: undefined; }, {} & { ...; }>' is not assignable to type '{ dialect: "pg"; }'.
                Types of property 'dialect' are incompatible.
                  Type '"sqlite"' is not assignable to type '"pg"'.
server/syncManager.ts(39,51): error TS2345: Argument of type 'SQLiteTableWithColumns<{ name: "sales"; schema: undefined; columns: { id: SQLiteColumn<{ name: "id"; tableName: "sales"; dataType: "number"; columnType: "SQLiteInteger"; data: number; driverParam: number; notNull: true; hasDefault: true; ... 6 more ...; generated: undefined; }, {}, {}>; ... 9 more ...; updatedAt: SQ...' is not assignable to parameter of type 'PgTable<TableConfig>'.
  The types of '_.config.columns' are incompatible between these types.
    Type '{ id: SQLiteColumn<{ name: "id"; tableName: "sales"; dataType: "number"; columnType: "SQLiteInteger"; data: number; driverParam: number; notNull: true; hasDefault: true; isPrimaryKey: true; isAutoincrement: false; ... 4 more ...; generated: undefined; }, {}, {}>; ... 9 more ...; updatedAt: SQLiteColumn<...>; }' is not assignable to type 'Record<string, PgColumn<ColumnBaseConfig<ColumnDataType, string>, {}, {}>>'.
      Property 'id' is incompatible with index signature.
        Type 'SQLiteColumn<{ name: "id"; tableName: "sales"; dataType: "number"; columnType: "SQLiteInteger"; data: number; driverParam: number; notNull: true; hasDefault: true; isPrimaryKey: true; isAutoincrement: false; ... 4 more ...; generated: undefined; }, {}, {}>' is not assignable to type 'PgColumn<ColumnBaseConfig<ColumnDataType, string>, {}, {}>'.
          Types of property '_' are incompatible.
            Type 'ColumnTypeConfig<{ name: "id"; tableName: "sales"; dataType: "number"; columnType: "SQLiteInteger"; data: number; driverParam: number; notNull: true; hasDefault: true; isPrimaryKey: true; isAutoincrement: false; ... 4 more ...; generated: undefined; }, {} & { ...; }>' is not assignable to type 'ColumnTypeConfig<ColumnBaseConfig<ColumnDataType, string>, { dialect: "pg"; }>'.
              Type 'ColumnTypeConfig<{ name: "id"; tableName: "sales"; dataType: "number"; columnType: "SQLiteInteger"; data: number; driverParam: number; notNull: true; hasDefault: true; isPrimaryKey: true; isAutoincrement: false; ... 4 more ...; generated: undefined; }, {} & { ...; }>' is not assignable to type '{ dialect: "pg"; }'.
                Types of property 'dialect' are incompatible.
                  Type '"sqlite"' is not assignable to type '"pg"'.
server/syncManager.ts(44,80): error TS2345: Argument of type 'SQLiteTableWithColumns<{ name: "employees"; schema: undefined; columns: { id: SQLiteColumn<{ name: "id"; tableName: "employees"; dataType: "number"; columnType: "SQLiteInteger"; data: number; driverParam: number; notNull: true; ... 7 more ...; generated: undefined; }, {}, {}>; ... 9 more ...; updatedAt: SQLiteColumn...' is not assignable to parameter of type 'PgTable<TableConfig>'.
  The types of '_.config.columns' are incompatible between these types.
    Type '{ id: SQLiteColumn<{ name: "id"; tableName: "employees"; dataType: "number"; columnType: "SQLiteInteger"; data: number; driverParam: number; notNull: true; hasDefault: true; isPrimaryKey: true; isAutoincrement: false; ... 4 more ...; generated: undefined; }, {}, {}>; ... 9 more ...; updatedAt: SQLiteColumn<...>; }' is not assignable to type 'Record<string, PgColumn<ColumnBaseConfig<ColumnDataType, string>, {}, {}>>'.
      Property 'id' is incompatible with index signature.
        Type 'SQLiteColumn<{ name: "id"; tableName: "employees"; dataType: "number"; columnType: "SQLiteInteger"; data: number; driverParam: number; notNull: true; hasDefault: true; isPrimaryKey: true; isAutoincrement: false; ... 4 more ...; generated: undefined; }, {}, {}>' is not assignable to type 'PgColumn<ColumnBaseConfig<ColumnDataType, string>, {}, {}>'.
          Types of property '_' are incompatible.
            Type 'ColumnTypeConfig<{ name: "id"; tableName: "employees"; dataType: "number"; columnType: "SQLiteInteger"; data: number; driverParam: number; notNull: true; hasDefault: true; isPrimaryKey: true; isAutoincrement: false; ... 4 more ...; generated: undefined; }, {} & { ...; }>' is not assignable to type 'ColumnTypeConfig<ColumnBaseConfig<ColumnDataType, string>, { dialect: "pg"; }>'.
              Type 'ColumnTypeConfig<{ name: "id"; tableName: "employees"; dataType: "number"; columnType: "SQLiteInteger"; data: number; driverParam: number; notNull: true; hasDefault: true; isPrimaryKey: true; isAutoincrement: false; ... 4 more ...; generated: undefined; }, {} & { ...; }>' is not assignable to type '{ dialect: "pg"; }'.
                Types of property 'dialect' are incompatible.
                  Type '"sqlite"' is not assignable to type '"pg"'.
server/syncManager.ts(45,85): error TS2345: Argument of type 'SQLiteTableWithColumns<{ name: "employees"; schema: undefined; columns: { id: SQLiteColumn<{ name: "id"; tableName: "employees"; dataType: "number"; columnType: "SQLiteInteger"; data: number; driverParam: number; notNull: true; ... 7 more ...; generated: undefined; }, {}, {}>; ... 9 more ...; updatedAt: SQLiteColumn...' is not assignable to parameter of type 'PgTable<TableConfig>'.
  The types of '_.config.columns' are incompatible between these types.
    Type '{ id: SQLiteColumn<{ name: "id"; tableName: "employees"; dataType: "number"; columnType: "SQLiteInteger"; data: number; driverParam: number; notNull: true; hasDefault: true; isPrimaryKey: true; isAutoincrement: false; ... 4 more ...; generated: undefined; }, {}, {}>; ... 9 more ...; updatedAt: SQLiteColumn<...>; }' is not assignable to type 'Record<string, PgColumn<ColumnBaseConfig<ColumnDataType, string>, {}, {}>>'.
      Property 'id' is incompatible with index signature.
        Type 'SQLiteColumn<{ name: "id"; tableName: "employees"; dataType: "number"; columnType: "SQLiteInteger"; data: number; driverParam: number; notNull: true; hasDefault: true; isPrimaryKey: true; isAutoincrement: false; ... 4 more ...; generated: undefined; }, {}, {}>' is not assignable to type 'PgColumn<ColumnBaseConfig<ColumnDataType, string>, {}, {}>'.
          Types of property '_' are incompatible.
            Type 'ColumnTypeConfig<{ name: "id"; tableName: "employees"; dataType: "number"; columnType: "SQLiteInteger"; data: number; driverParam: number; notNull: true; hasDefault: true; isPrimaryKey: true; isAutoincrement: false; ... 4 more ...; generated: undefined; }, {} & { ...; }>' is not assignable to type 'ColumnTypeConfig<ColumnBaseConfig<ColumnDataType, string>, { dialect: "pg"; }>'.
              Type 'ColumnTypeConfig<{ name: "id"; tableName: "employees"; dataType: "number"; columnType: "SQLiteInteger"; data: number; driverParam: number; notNull: true; hasDefault: true; isPrimaryKey: true; isAutoincrement: false; ... 4 more ...; generated: undefined; }, {} & { ...; }>' is not assignable to type '{ dialect: "pg"; }'.
                Types of property 'dialect' are incompatible.
                  Type '"sqlite"' is not assignable to type '"pg"'.
